// Jest Snapshot v1, https://goo.gl/fbAQLP

exports[`TestAppButton - Snapshot Snapshot 1`] = `
<button
  class="testApp-button"
  type="button"
>
  my button
</button>
`;
